../Core/Src/main.c:105:5:main	8	static
../Core/Src/main.c:158:6:SystemClock_Config	72	static
../Core/Src/main.c:198:13:MX_TIM2_Init	32	static
../Core/Src/main.c:243:13:MX_TIM3_Init	32	static
../Core/Src/main.c:288:13:MX_GPIO_Init	40	static
../Core/Src/main.c:338:6:HAL_GPIO_EXTI_Callback	32	static
../Core/Src/main.c:616:6:doc_dht11	24	static
../Core/Src/main.c:652:6:xu_ly_tick_dht11	24	static
../Core/Src/main.c:670:6:HAL_TIM_PeriodElapsedCallback	24	static
../Core/Src/main.c:689:6:Error_Handler	4	static,ignoring_inline_asm
